/***/

Frequency of identifiers:
be                               1
identifiers                      1
should                           1
these                            1
