/****  start ***/
[Error] Lexer: unrecognized token ~ on line 6
