IDENTIFIER
IDENTIFIER
IDENTIFIER
OP_SUB
CONST_INT
OP_ADD
CONST_FLOAT
MK_LPAREN
OP_MUL
CONST_FLOAT
IDENTIFIER
MK_RPAREN
OP_NOT
MK_LBRACE
[Error] Lexer: unrecognized token " on line 5
