COMMENT
/***/
IDENTIFIER
IDENTIFIER
IDENTIFIER
IDENTIFIER
OP_MUL
OP_DIV

Frequency of identifiers:
be                               1
identifiers                      1
should                           1
these                            1
